<html>
<body>
<pre>
<h1>µVision Build Log</h1>
<h2>Project:</h2>
D:\STM32StepperMotor\Time-Lapse.uvproj
Project File Date:  01/02/2015

<h2>Output:</h2>
Build target 'STM103CBT6'
compiling main.c...
linking...
Program Size: Code=11160 RO-data=432 RW-data=52 ZI-data=1068  
FromELF: creating hex file...
".\output\Time-Lapse.axf" - 0 Error(s), 0 Warning(s).
Load "D:\\STM32StepperMotor\\output\\Time-Lapse.axf" 
Set JLink Project File to "D:\STM32StepperMotor\JLinkSettings.ini"
* JLink Info: Device "STM32F103CB" selected (128 KB flash, 20 KB RAM).
 
JLink info:
------------
DLL: V4.68a, compiled Apr 12 2013 13:26:50
Firmware: J-Link ARM V8 compiled Nov 14 2012 22:34:52
Hardware: V8.00
S/N : 99999994 
Feature(s) : RDI,FlashDL,FlashBP,JFlash,GDBFULL 
 
* JLink Info: Found SWD-DP with ID 0x1BA01477
* JLink Info: Found SWD-DP with ID 0x1BA01477
* JLink Info: TPIU fitted.
* JLink Info: FPUnit: 6 code (BP) slots and 2 literal slots
* JLink Info: Found Cortex-M3 r1p1, Little endian.
ROMTableAddr = 0xE00FF003
 
Target info:
------------
Device: STM32F103CB
VTarget = 3.364V
State of Pins: 
TCK: 0, TDI: 1, TDO: 1, TMS: 1, TRES: 1, TRST: 1
Hardware-Breakpoints: 6
Software-Breakpoints: 8192
Watchpoints:          4
JTAG speed: 4000 kHz
 
Erase Done.
Programming Done.
Verify OK.
Application running ...
Build target 'STM103CBT6'
compiling main.c...
linking...
Program Size: Code=11168 RO-data=432 RW-data=52 ZI-data=1068  
FromELF: creating hex file...
".\output\Time-Lapse.axf" - 0 Error(s), 0 Warning(s).
